mode: set
github.com/sagaxyz/ssc/x/chainlet/keeper/abci.go:9.52,11.94 2 0
github.com/sagaxyz/ssc/x/chainlet/keeper/abci.go:11.94,15.17 3 0
github.com/sagaxyz/ssc/x/chainlet/keeper/abci.go:15.17,19.4 1 0
github.com/sagaxyz/ssc/x/chainlet/keeper/abci.go:22.2,23.12 2 0
github.com/sagaxyz/ssc/x/chainlet/keeper/billing_account.go:24.104,26.16 2 0
github.com/sagaxyz/ssc/x/chainlet/keeper/billing_account.go:26.16,28.3 1 0
github.com/sagaxyz/ssc/x/chainlet/keeper/billing_account.go:29.2,30.16 2 0
github.com/sagaxyz/ssc/x/chainlet/keeper/billing_account.go:30.16,32.3 1 0
github.com/sagaxyz/ssc/x/chainlet/keeper/billing_account.go:34.2,35.16 2 0
github.com/sagaxyz/ssc/x/chainlet/keeper/billing_account.go:35.16,37.3 1 0
github.com/sagaxyz/ssc/x/chainlet/keeper/billing_account.go:38.2,39.16 2 0
github.com/sagaxyz/ssc/x/chainlet/keeper/billing_account.go:39.16,41.3 1 0
github.com/sagaxyz/ssc/x/chainlet/keeper/billing_account.go:43.2,44.16 2 0
github.com/sagaxyz/ssc/x/chainlet/keeper/billing_account.go:44.16,46.3 1 0
github.com/sagaxyz/ssc/x/chainlet/keeper/billing_account.go:47.2,47.12 1 0
github.com/sagaxyz/ssc/x/chainlet/keeper/billing_account.go:50.127,52.16 2 0
github.com/sagaxyz/ssc/x/chainlet/keeper/billing_account.go:52.16,55.3 2 0
github.com/sagaxyz/ssc/x/chainlet/keeper/billing_account.go:56.2,57.16 2 0
github.com/sagaxyz/ssc/x/chainlet/keeper/billing_account.go:57.16,60.3 2 0
github.com/sagaxyz/ssc/x/chainlet/keeper/billing_account.go:62.2,63.9 2 0
github.com/sagaxyz/ssc/x/chainlet/keeper/billing_account.go:63.9,66.3 2 0
github.com/sagaxyz/ssc/x/chainlet/keeper/billing_account.go:68.2,74.8 4 0
github.com/sagaxyz/ssc/x/chainlet/keeper/ccv.go:16.65,19.2 2 1
github.com/sagaxyz/ssc/x/chainlet/keeper/ccv.go:21.90,34.16 3 1
github.com/sagaxyz/ssc/x/chainlet/keeper/ccv.go:34.16,36.3 1 0
github.com/sagaxyz/ssc/x/chainlet/keeper/ccv.go:39.2,47.12 6 1
github.com/sagaxyz/ssc/x/chainlet/keeper/ccv.go:51.51,56.42 4 1
github.com/sagaxyz/ssc/x/chainlet/keeper/ccv.go:56.42,61.26 3 1
github.com/sagaxyz/ssc/x/chainlet/keeper/ccv.go:61.26,62.12 1 0
github.com/sagaxyz/ssc/x/chainlet/keeper/ccv.go:66.3,67.13 2 1
github.com/sagaxyz/ssc/x/chainlet/keeper/ccv.go:67.13,68.12 1 1
github.com/sagaxyz/ssc/x/chainlet/keeper/ccv.go:72.3,74.37 3 1
github.com/sagaxyz/ssc/x/chainlet/keeper/chainlet.go:15.97,19.25 3 1
github.com/sagaxyz/ssc/x/chainlet/keeper/chainlet.go:19.25,22.3 2 1
github.com/sagaxyz/ssc/x/chainlet/keeper/chainlet.go:24.2,25.29 2 1
github.com/sagaxyz/ssc/x/chainlet/keeper/chainlet.go:25.29,26.56 1 0
github.com/sagaxyz/ssc/x/chainlet/keeper/chainlet.go:28.2,30.8 2 1
github.com/sagaxyz/ssc/x/chainlet/keeper/chainlet.go:33.78,37.20 3 1
github.com/sagaxyz/ssc/x/chainlet/keeper/chainlet.go:37.20,39.3 1 0
github.com/sagaxyz/ssc/x/chainlet/keeper/chainlet.go:41.2,42.16 2 1
github.com/sagaxyz/ssc/x/chainlet/keeper/chainlet.go:42.16,44.3 1 0
github.com/sagaxyz/ssc/x/chainlet/keeper/chainlet.go:45.2,45.12 1 1
github.com/sagaxyz/ssc/x/chainlet/keeper/chainlet.go:45.12,47.3 1 1
github.com/sagaxyz/ssc/x/chainlet/keeper/chainlet.go:49.2,52.12 4 1
github.com/sagaxyz/ssc/x/chainlet/keeper/chainlet.go:55.99,59.21 3 0
github.com/sagaxyz/ssc/x/chainlet/keeper/chainlet.go:59.21,61.3 1 0
github.com/sagaxyz/ssc/x/chainlet/keeper/chainlet.go:63.2,64.16 2 0
github.com/sagaxyz/ssc/x/chainlet/keeper/chainlet.go:64.16,66.3 1 0
github.com/sagaxyz/ssc/x/chainlet/keeper/chainlet.go:68.2,69.16 2 0
github.com/sagaxyz/ssc/x/chainlet/keeper/chainlet.go:69.16,71.3 1 0
github.com/sagaxyz/ssc/x/chainlet/keeper/chainlet.go:72.2,72.12 1 0
github.com/sagaxyz/ssc/x/chainlet/keeper/chainlet.go:72.12,74.3 1 0
github.com/sagaxyz/ssc/x/chainlet/keeper/chainlet.go:76.2,81.12 4 0
github.com/sagaxyz/ssc/x/chainlet/keeper/chainlet.go:84.96,87.42 3 0
github.com/sagaxyz/ssc/x/chainlet/keeper/chainlet.go:87.42,90.67 2 0
github.com/sagaxyz/ssc/x/chainlet/keeper/chainlet.go:90.67,92.4 1 0
github.com/sagaxyz/ssc/x/chainlet/keeper/chainlet.go:94.3,94.36 1 0
github.com/sagaxyz/ssc/x/chainlet/keeper/chainlet.go:94.36,96.4 1 0
github.com/sagaxyz/ssc/x/chainlet/keeper/chainlet.go:98.2,98.12 1 0
github.com/sagaxyz/ssc/x/chainlet/keeper/chainlet.go:101.49,103.2 1 0
github.com/sagaxyz/ssc/x/chainlet/keeper/chainlet.go:105.83,107.16 2 0
github.com/sagaxyz/ssc/x/chainlet/keeper/chainlet.go:107.16,109.3 1 0
github.com/sagaxyz/ssc/x/chainlet/keeper/chainlet.go:111.2,111.44 1 0
github.com/sagaxyz/ssc/x/chainlet/keeper/chainlet.go:111.44,113.3 1 0
github.com/sagaxyz/ssc/x/chainlet/keeper/chainlet.go:114.2,114.19 1 0
github.com/sagaxyz/ssc/x/chainlet/keeper/chainlet.go:117.79,119.16 2 0
github.com/sagaxyz/ssc/x/chainlet/keeper/chainlet.go:119.16,121.3 1 0
github.com/sagaxyz/ssc/x/chainlet/keeper/chainlet.go:123.2,126.12 3 0
github.com/sagaxyz/ssc/x/chainlet/keeper/chainlet.go:129.102,131.16 2 0
github.com/sagaxyz/ssc/x/chainlet/keeper/chainlet.go:131.16,133.3 1 0
github.com/sagaxyz/ssc/x/chainlet/keeper/chainlet.go:136.2,139.25 3 0
github.com/sagaxyz/ssc/x/chainlet/keeper/chainlet.go:139.25,141.3 1 0
github.com/sagaxyz/ssc/x/chainlet/keeper/chainlet.go:142.2,146.20 4 0
github.com/sagaxyz/ssc/x/chainlet/keeper/chainlet.go:149.70,151.16 2 0
github.com/sagaxyz/ssc/x/chainlet/keeper/chainlet.go:151.16,153.3 1 0
github.com/sagaxyz/ssc/x/chainlet/keeper/chainlet.go:154.2,157.12 4 0
github.com/sagaxyz/ssc/x/chainlet/keeper/chainlet.go:160.71,164.2 3 1
github.com/sagaxyz/ssc/x/chainlet/keeper/chainlet.go:166.92,171.29 3 0
github.com/sagaxyz/ssc/x/chainlet/keeper/chainlet.go:171.29,173.3 1 0
github.com/sagaxyz/ssc/x/chainlet/keeper/chainlet.go:175.2,179.16 4 0
github.com/sagaxyz/ssc/x/chainlet/keeper/chainlet.go:182.77,187.2 4 1
github.com/sagaxyz/ssc/x/chainlet/keeper/chainlet.go:189.58,194.2 4 1
github.com/sagaxyz/ssc/x/chainlet/keeper/chainlet.go:196.57,204.2 7 1
github.com/sagaxyz/ssc/x/chainlet/keeper/chainlet.go:206.62,208.34 2 1
github.com/sagaxyz/ssc/x/chainlet/keeper/chainlet.go:208.34,212.33 3 1
github.com/sagaxyz/ssc/x/chainlet/keeper/chainlet.go:212.33,214.12 2 0
github.com/sagaxyz/ssc/x/chainlet/keeper/chainlet.go:217.3,218.17 2 1
github.com/sagaxyz/ssc/x/chainlet/keeper/chainlet.go:218.17,221.4 2 0
github.com/sagaxyz/ssc/x/chainlet/keeper/chainlet.go:222.3,222.53 1 1
github.com/sagaxyz/ssc/x/chainlet/keeper/chainlet.go:222.53,225.4 2 1
github.com/sagaxyz/ssc/x/chainlet/keeper/chainlet.go:227.3,228.31 2 1
github.com/sagaxyz/ssc/x/chainlet/keeper/chainlet.go:228.31,232.4 2 0
github.com/sagaxyz/ssc/x/chainlet/keeper/chainlet.go:234.3,234.53 1 1
github.com/sagaxyz/ssc/x/chainlet/keeper/chainlet.go:234.53,236.12 2 0
github.com/sagaxyz/ssc/x/chainlet/keeper/chainlet.go:239.3,241.42 3 1
github.com/sagaxyz/ssc/x/chainlet/keeper/chainlet.go:243.2,245.12 2 1
github.com/sagaxyz/ssc/x/chainlet/keeper/chainlet_launcher.go:16.119,17.73 1 0
github.com/sagaxyz/ssc/x/chainlet/keeper/chainlet_launcher.go:17.73,19.3 1 0
github.com/sagaxyz/ssc/x/chainlet/keeper/chainlet_launcher.go:22.2,22.83 1 0
github.com/sagaxyz/ssc/x/chainlet/keeper/chainlet_launcher.go:22.83,24.3 1 0
github.com/sagaxyz/ssc/x/chainlet/keeper/chainlet_launcher.go:26.2,26.39 1 0
github.com/sagaxyz/ssc/x/chainlet/keeper/chainlet_stack.go:13.82,20.24 3 1
github.com/sagaxyz/ssc/x/chainlet/keeper/chainlet_stack.go:20.24,23.3 1 0
github.com/sagaxyz/ssc/x/chainlet/keeper/chainlet_stack.go:25.2,25.38 1 1
github.com/sagaxyz/ssc/x/chainlet/keeper/chainlet_stack.go:25.38,26.39 1 1
github.com/sagaxyz/ssc/x/chainlet/keeper/chainlet_stack.go:26.39,28.4 1 0
github.com/sagaxyz/ssc/x/chainlet/keeper/chainlet_stack.go:29.3,29.22 1 1
github.com/sagaxyz/ssc/x/chainlet/keeper/chainlet_stack.go:29.22,31.18 2 1
github.com/sagaxyz/ssc/x/chainlet/keeper/chainlet_stack.go:31.18,33.5 1 0
github.com/sagaxyz/ssc/x/chainlet/keeper/chainlet_stack.go:37.2,40.12 3 1
github.com/sagaxyz/ssc/x/chainlet/keeper/chainlet_stack.go:43.118,48.16 3 1
github.com/sagaxyz/ssc/x/chainlet/keeper/chainlet_stack.go:48.16,50.3 1 0
github.com/sagaxyz/ssc/x/chainlet/keeper/chainlet_stack.go:53.2,54.16 2 1
github.com/sagaxyz/ssc/x/chainlet/keeper/chainlet_stack.go:54.16,56.3 1 0
github.com/sagaxyz/ssc/x/chainlet/keeper/chainlet_stack.go:59.2,64.21 4 1
github.com/sagaxyz/ssc/x/chainlet/keeper/chainlet_stack.go:64.21,66.17 2 1
github.com/sagaxyz/ssc/x/chainlet/keeper/chainlet_stack.go:66.17,68.4 1 0
github.com/sagaxyz/ssc/x/chainlet/keeper/chainlet_stack.go:71.2,71.12 1 1
github.com/sagaxyz/ssc/x/chainlet/keeper/chainlet_stack.go:74.89,75.35 1 1
github.com/sagaxyz/ssc/x/chainlet/keeper/chainlet_stack.go:75.35,76.97 1 1
github.com/sagaxyz/ssc/x/chainlet/keeper/chainlet_stack.go:76.97,78.4 1 0
github.com/sagaxyz/ssc/x/chainlet/keeper/chainlet_stack.go:81.2,81.38 1 1
github.com/sagaxyz/ssc/x/chainlet/keeper/chainlet_stack.go:81.38,83.3 1 0
github.com/sagaxyz/ssc/x/chainlet/keeper/chainlet_stack.go:85.2,85.12 1 1
github.com/sagaxyz/ssc/x/chainlet/keeper/chainlet_stack.go:88.101,90.16 2 1
github.com/sagaxyz/ssc/x/chainlet/keeper/chainlet_stack.go:90.16,92.3 1 0
github.com/sagaxyz/ssc/x/chainlet/keeper/chainlet_stack.go:95.2,95.35 1 1
github.com/sagaxyz/ssc/x/chainlet/keeper/chainlet_stack.go:95.35,96.27 1 1
github.com/sagaxyz/ssc/x/chainlet/keeper/chainlet_stack.go:96.27,97.12 1 1
github.com/sagaxyz/ssc/x/chainlet/keeper/chainlet_stack.go:99.3,99.17 1 1
github.com/sagaxyz/ssc/x/chainlet/keeper/chainlet_stack.go:99.17,101.4 1 1
github.com/sagaxyz/ssc/x/chainlet/keeper/chainlet_stack.go:102.3,102.19 1 1
github.com/sagaxyz/ssc/x/chainlet/keeper/chainlet_stack.go:105.2,105.68 1 0
github.com/sagaxyz/ssc/x/chainlet/keeper/chainlet_stack.go:108.104,112.25 3 1
github.com/sagaxyz/ssc/x/chainlet/keeper/chainlet_stack.go:112.25,115.3 2 0
github.com/sagaxyz/ssc/x/chainlet/keeper/chainlet_stack.go:117.2,119.8 3 1
github.com/sagaxyz/ssc/x/chainlet/keeper/chainlet_validator.go:17.99,18.44 1 0
github.com/sagaxyz/ssc/x/chainlet/keeper/chainlet_validator.go:18.44,20.3 1 0
github.com/sagaxyz/ssc/x/chainlet/keeper/chainlet_validator.go:22.2,23.16 2 0
github.com/sagaxyz/ssc/x/chainlet/keeper/chainlet_validator.go:23.16,25.3 1 0
github.com/sagaxyz/ssc/x/chainlet/keeper/chainlet_validator.go:27.2,27.41 1 0
github.com/sagaxyz/ssc/x/chainlet/keeper/chainlet_validator.go:27.41,29.3 1 0
github.com/sagaxyz/ssc/x/chainlet/keeper/chainlet_validator.go:31.2,31.42 1 0
github.com/sagaxyz/ssc/x/chainlet/keeper/chainlet_validator.go:31.42,33.3 1 0
github.com/sagaxyz/ssc/x/chainlet/keeper/chainlet_validator.go:34.2,34.12 1 0
github.com/sagaxyz/ssc/x/chainlet/keeper/grpc_query_get_chainlet.go:13.130,14.16 1 0
github.com/sagaxyz/ssc/x/chainlet/keeper/grpc_query_get_chainlet.go:14.16,16.3 1 0
github.com/sagaxyz/ssc/x/chainlet/keeper/grpc_query_get_chainlet.go:17.2,20.16 3 0
github.com/sagaxyz/ssc/x/chainlet/keeper/grpc_query_get_chainlet.go:20.16,22.3 1 0
github.com/sagaxyz/ssc/x/chainlet/keeper/grpc_query_get_chainlet.go:24.2,26.8 1 0
github.com/sagaxyz/ssc/x/chainlet/keeper/grpc_query_get_chainlet_count.go:13.144,14.16 1 1
github.com/sagaxyz/ssc/x/chainlet/keeper/grpc_query_get_chainlet_count.go:14.16,16.3 1 0
github.com/sagaxyz/ssc/x/chainlet/keeper/grpc_query_get_chainlet_count.go:18.2,22.86 5 1
github.com/sagaxyz/ssc/x/chainlet/keeper/grpc_query_get_chainlet_stack.go:13.145,16.27 2 1
github.com/sagaxyz/ssc/x/chainlet/keeper/grpc_query_get_chainlet_stack.go:16.27,18.3 1 0
github.com/sagaxyz/ssc/x/chainlet/keeper/grpc_query_get_chainlet_stack.go:20.2,21.16 2 1
github.com/sagaxyz/ssc/x/chainlet/keeper/grpc_query_get_chainlet_stack.go:21.16,23.3 1 0
github.com/sagaxyz/ssc/x/chainlet/keeper/grpc_query_get_chainlet_stack.go:24.2,26.8 1 1
github.com/sagaxyz/ssc/x/chainlet/keeper/grpc_query_list_chainlet_stack.go:15.148,16.16 1 0
github.com/sagaxyz/ssc/x/chainlet/keeper/grpc_query_list_chainlet_stack.go:16.16,18.3 1 0
github.com/sagaxyz/ssc/x/chainlet/keeper/grpc_query_list_chainlet_stack.go:20.2,26.86 5 0
github.com/sagaxyz/ssc/x/chainlet/keeper/grpc_query_list_chainlet_stack.go:26.86,28.64 2 0
github.com/sagaxyz/ssc/x/chainlet/keeper/grpc_query_list_chainlet_stack.go:28.64,30.4 1 0
github.com/sagaxyz/ssc/x/chainlet/keeper/grpc_query_list_chainlet_stack.go:31.3,32.13 2 0
github.com/sagaxyz/ssc/x/chainlet/keeper/grpc_query_list_chainlet_stack.go:35.2,35.16 1 0
github.com/sagaxyz/ssc/x/chainlet/keeper/grpc_query_list_chainlet_stack.go:35.16,37.3 1 0
github.com/sagaxyz/ssc/x/chainlet/keeper/grpc_query_list_chainlet_stack.go:39.2,39.104 1 0
github.com/sagaxyz/ssc/x/chainlet/keeper/grpc_query_list_chainlets.go:15.136,16.16 1 0
github.com/sagaxyz/ssc/x/chainlet/keeper/grpc_query_list_chainlets.go:16.16,18.3 1 0
github.com/sagaxyz/ssc/x/chainlet/keeper/grpc_query_list_chainlets.go:20.2,26.86 5 0
github.com/sagaxyz/ssc/x/chainlet/keeper/grpc_query_list_chainlets.go:26.86,28.59 2 0
github.com/sagaxyz/ssc/x/chainlet/keeper/grpc_query_list_chainlets.go:28.59,30.4 1 0
github.com/sagaxyz/ssc/x/chainlet/keeper/grpc_query_list_chainlets.go:31.3,32.13 2 0
github.com/sagaxyz/ssc/x/chainlet/keeper/grpc_query_list_chainlets.go:35.2,35.16 1 0
github.com/sagaxyz/ssc/x/chainlet/keeper/grpc_query_list_chainlets.go:35.16,37.3 1 0
github.com/sagaxyz/ssc/x/chainlet/keeper/grpc_query_list_chainlets.go:39.2,39.90 1 0
github.com/sagaxyz/ssc/x/chainlet/keeper/grpc_query_params.go:13.111,14.16 1 1
github.com/sagaxyz/ssc/x/chainlet/keeper/grpc_query_params.go:14.16,16.3 1 0
github.com/sagaxyz/ssc/x/chainlet/keeper/grpc_query_params.go:17.2,19.66 2 1
github.com/sagaxyz/ssc/x/chainlet/keeper/hooks.go:10.101,12.2 1 0
github.com/sagaxyz/ssc/x/chainlet/keeper/hooks.go:15.98,17.2 1 0
github.com/sagaxyz/ssc/x/chainlet/keeper/hooks.go:29.32,31.2 1 0
github.com/sagaxyz/ssc/x/chainlet/keeper/hooks.go:34.99,36.2 1 0
github.com/sagaxyz/ssc/x/chainlet/keeper/hooks.go:39.96,41.2 1 0
github.com/sagaxyz/ssc/x/chainlet/keeper/keeper.go:38.11,40.23 1 1
github.com/sagaxyz/ssc/x/chainlet/keeper/keeper.go:40.23,42.3 1 1
github.com/sagaxyz/ssc/x/chainlet/keeper/keeper.go:44.2,52.3 1 1
github.com/sagaxyz/ssc/x/chainlet/keeper/keeper.go:55.53,57.2 1 1
github.com/sagaxyz/ssc/x/chainlet/keeper/keeper.go:59.69,61.2 1 0
github.com/sagaxyz/ssc/x/chainlet/keeper/migrations.go:15.65,20.2 1 0
github.com/sagaxyz/ssc/x/chainlet/keeper/msg_server.go:27.55,29.2 1 1
github.com/sagaxyz/ssc/x/chainlet/keeper/msg_server.go:33.131,36.67 3 0
github.com/sagaxyz/ssc/x/chainlet/keeper/msg_server.go:36.67,38.3 1 0
github.com/sagaxyz/ssc/x/chainlet/keeper/msg_server.go:40.2,41.16 2 0
github.com/sagaxyz/ssc/x/chainlet/keeper/msg_server.go:41.16,43.3 1 0
github.com/sagaxyz/ssc/x/chainlet/keeper/msg_server.go:45.2,45.67 1 0
github.com/sagaxyz/ssc/x/chainlet/keeper/msg_server.go:45.67,47.3 1 0
github.com/sagaxyz/ssc/x/chainlet/keeper/msg_server.go:49.2,55.4 1 0
github.com/sagaxyz/ssc/x/chainlet/keeper/msg_server.go:58.118,59.56 1 0
github.com/sagaxyz/ssc/x/chainlet/keeper/msg_server.go:59.56,61.17 2 0
github.com/sagaxyz/ssc/x/chainlet/keeper/msg_server.go:61.17,63.4 1 0
github.com/sagaxyz/ssc/x/chainlet/keeper/msg_server.go:64.3,64.22 1 0
github.com/sagaxyz/ssc/x/chainlet/keeper/msg_server.go:64.22,66.12 2 0
github.com/sagaxyz/ssc/x/chainlet/keeper/msg_server.go:68.3,68.65 1 0
github.com/sagaxyz/ssc/x/chainlet/keeper/msg_server.go:71.2,83.8 1 0
github.com/sagaxyz/ssc/x/chainlet/keeper/msg_server_create_chainlet_stack.go:23.145,25.16 2 1
github.com/sagaxyz/ssc/x/chainlet/keeper/msg_server_create_chainlet_stack.go:25.16,27.3 1 0
github.com/sagaxyz/ssc/x/chainlet/keeper/msg_server_create_chainlet_stack.go:28.2,31.32 3 1
github.com/sagaxyz/ssc/x/chainlet/keeper/msg_server_create_chainlet_stack.go:31.32,33.17 2 0
github.com/sagaxyz/ssc/x/chainlet/keeper/msg_server_create_chainlet_stack.go:33.17,35.4 1 0
github.com/sagaxyz/ssc/x/chainlet/keeper/msg_server_create_chainlet_stack.go:36.3,36.38 1 0
github.com/sagaxyz/ssc/x/chainlet/keeper/msg_server_create_chainlet_stack.go:36.38,38.4 1 0
github.com/sagaxyz/ssc/x/chainlet/keeper/msg_server_create_chainlet_stack.go:41.2,56.16 5 1
github.com/sagaxyz/ssc/x/chainlet/keeper/msg_server_create_chainlet_stack.go:56.16,58.3 1 0
github.com/sagaxyz/ssc/x/chainlet/keeper/msg_server_create_chainlet_stack.go:60.2,64.4 1 1
github.com/sagaxyz/ssc/x/chainlet/keeper/msg_server_disable_stack_version.go:13.178,15.16 2 1
github.com/sagaxyz/ssc/x/chainlet/keeper/msg_server_disable_stack_version.go:15.16,17.3 1 0
github.com/sagaxyz/ssc/x/chainlet/keeper/msg_server_disable_stack_version.go:18.2,21.32 3 1
github.com/sagaxyz/ssc/x/chainlet/keeper/msg_server_disable_stack_version.go:21.32,24.17 3 0
github.com/sagaxyz/ssc/x/chainlet/keeper/msg_server_disable_stack_version.go:24.17,26.4 1 0
github.com/sagaxyz/ssc/x/chainlet/keeper/msg_server_disable_stack_version.go:27.3,27.38 1 0
github.com/sagaxyz/ssc/x/chainlet/keeper/msg_server_disable_stack_version.go:27.38,30.4 2 0
github.com/sagaxyz/ssc/x/chainlet/keeper/msg_server_disable_stack_version.go:33.2,34.16 2 1
github.com/sagaxyz/ssc/x/chainlet/keeper/msg_server_disable_stack_version.go:34.16,37.3 2 0
github.com/sagaxyz/ssc/x/chainlet/keeper/msg_server_disable_stack_version.go:40.2,41.41 2 1
github.com/sagaxyz/ssc/x/chainlet/keeper/msg_server_disable_stack_version.go:41.41,42.37 1 1
github.com/sagaxyz/ssc/x/chainlet/keeper/msg_server_disable_stack_version.go:42.37,43.12 1 1
github.com/sagaxyz/ssc/x/chainlet/keeper/msg_server_disable_stack_version.go:46.3,46.23 1 1
github.com/sagaxyz/ssc/x/chainlet/keeper/msg_server_disable_stack_version.go:46.23,48.4 1 0
github.com/sagaxyz/ssc/x/chainlet/keeper/msg_server_disable_stack_version.go:49.3,51.8 3 1
github.com/sagaxyz/ssc/x/chainlet/keeper/msg_server_disable_stack_version.go:53.2,53.12 1 1
github.com/sagaxyz/ssc/x/chainlet/keeper/msg_server_disable_stack_version.go:53.12,56.3 2 0
github.com/sagaxyz/ssc/x/chainlet/keeper/msg_server_disable_stack_version.go:58.2,63.16 5 1
github.com/sagaxyz/ssc/x/chainlet/keeper/msg_server_disable_stack_version.go:63.16,65.3 1 0
github.com/sagaxyz/ssc/x/chainlet/keeper/msg_server_disable_stack_version.go:67.2,70.4 1 1
github.com/sagaxyz/ssc/x/chainlet/keeper/msg_server_launch_chainlet.go:14.130,16.16 2 1
github.com/sagaxyz/ssc/x/chainlet/keeper/msg_server_launch_chainlet.go:16.16,18.3 1 0
github.com/sagaxyz/ssc/x/chainlet/keeper/msg_server_launch_chainlet.go:19.2,23.16 3 1
github.com/sagaxyz/ssc/x/chainlet/keeper/msg_server_launch_chainlet.go:23.16,25.3 1 0
github.com/sagaxyz/ssc/x/chainlet/keeper/msg_server_launch_chainlet.go:27.2,27.61 1 1
github.com/sagaxyz/ssc/x/chainlet/keeper/msg_server_launch_chainlet.go:27.61,29.3 1 0
github.com/sagaxyz/ssc/x/chainlet/keeper/msg_server_launch_chainlet.go:31.2,31.40 1 1
github.com/sagaxyz/ssc/x/chainlet/keeper/msg_server_launch_chainlet.go:31.40,33.3 1 0
github.com/sagaxyz/ssc/x/chainlet/keeper/msg_server_launch_chainlet.go:36.2,36.56 1 1
github.com/sagaxyz/ssc/x/chainlet/keeper/msg_server_launch_chainlet.go:36.56,38.17 2 0
github.com/sagaxyz/ssc/x/chainlet/keeper/msg_server_launch_chainlet.go:38.17,40.4 1 0
github.com/sagaxyz/ssc/x/chainlet/keeper/msg_server_launch_chainlet.go:41.3,41.22 1 0
github.com/sagaxyz/ssc/x/chainlet/keeper/msg_server_launch_chainlet.go:41.22,43.12 2 0
github.com/sagaxyz/ssc/x/chainlet/keeper/msg_server_launch_chainlet.go:45.3,45.65 1 0
github.com/sagaxyz/ssc/x/chainlet/keeper/msg_server_launch_chainlet.go:48.2,63.16 4 1
github.com/sagaxyz/ssc/x/chainlet/keeper/msg_server_launch_chainlet.go:63.16,65.3 1 0
github.com/sagaxyz/ssc/x/chainlet/keeper/msg_server_launch_chainlet.go:66.2,67.16 2 1
github.com/sagaxyz/ssc/x/chainlet/keeper/msg_server_launch_chainlet.go:67.16,69.3 1 0
github.com/sagaxyz/ssc/x/chainlet/keeper/msg_server_launch_chainlet.go:70.2,71.16 2 1
github.com/sagaxyz/ssc/x/chainlet/keeper/msg_server_launch_chainlet.go:71.16,73.3 1 0
github.com/sagaxyz/ssc/x/chainlet/keeper/msg_server_launch_chainlet.go:74.2,75.16 2 1
github.com/sagaxyz/ssc/x/chainlet/keeper/msg_server_launch_chainlet.go:75.16,77.3 1 0
github.com/sagaxyz/ssc/x/chainlet/keeper/msg_server_launch_chainlet.go:79.2,80.9 2 1
github.com/sagaxyz/ssc/x/chainlet/keeper/msg_server_launch_chainlet.go:80.9,82.3 1 0
github.com/sagaxyz/ssc/x/chainlet/keeper/msg_server_launch_chainlet.go:84.2,90.16 4 1
github.com/sagaxyz/ssc/x/chainlet/keeper/msg_server_launch_chainlet.go:90.16,92.3 1 0
github.com/sagaxyz/ssc/x/chainlet/keeper/msg_server_launch_chainlet.go:95.2,97.16 3 1
github.com/sagaxyz/ssc/x/chainlet/keeper/msg_server_launch_chainlet.go:97.16,99.3 1 0
github.com/sagaxyz/ssc/x/chainlet/keeper/msg_server_launch_chainlet.go:102.2,103.16 2 1
github.com/sagaxyz/ssc/x/chainlet/keeper/msg_server_launch_chainlet.go:103.16,105.3 1 0
github.com/sagaxyz/ssc/x/chainlet/keeper/msg_server_launch_chainlet.go:107.2,108.16 2 1
github.com/sagaxyz/ssc/x/chainlet/keeper/msg_server_launch_chainlet.go:108.16,110.3 1 1
github.com/sagaxyz/ssc/x/chainlet/keeper/msg_server_launch_chainlet.go:112.2,118.4 1 1
github.com/sagaxyz/ssc/x/chainlet/keeper/msg_server_update_chainlet_stack.go:12.145,14.16 2 1
github.com/sagaxyz/ssc/x/chainlet/keeper/msg_server_update_chainlet_stack.go:14.16,16.3 1 0
github.com/sagaxyz/ssc/x/chainlet/keeper/msg_server_update_chainlet_stack.go:17.2,20.32 3 1
github.com/sagaxyz/ssc/x/chainlet/keeper/msg_server_update_chainlet_stack.go:20.32,22.17 2 0
github.com/sagaxyz/ssc/x/chainlet/keeper/msg_server_update_chainlet_stack.go:22.17,24.4 1 0
github.com/sagaxyz/ssc/x/chainlet/keeper/msg_server_update_chainlet_stack.go:25.3,25.38 1 0
github.com/sagaxyz/ssc/x/chainlet/keeper/msg_server_update_chainlet_stack.go:25.38,27.4 1 0
github.com/sagaxyz/ssc/x/chainlet/keeper/msg_server_update_chainlet_stack.go:30.2,37.16 3 1
github.com/sagaxyz/ssc/x/chainlet/keeper/msg_server_update_chainlet_stack.go:37.16,39.3 1 0
github.com/sagaxyz/ssc/x/chainlet/keeper/msg_server_update_chainlet_stack.go:41.2,44.4 1 1
github.com/sagaxyz/ssc/x/chainlet/keeper/msg_server_upgrade_chainlet.go:17.133,20.16 3 1
github.com/sagaxyz/ssc/x/chainlet/keeper/msg_server_upgrade_chainlet.go:20.16,22.3 1 0
github.com/sagaxyz/ssc/x/chainlet/keeper/msg_server_upgrade_chainlet.go:24.2,25.16 2 1
github.com/sagaxyz/ssc/x/chainlet/keeper/msg_server_upgrade_chainlet.go:25.16,27.3 1 1
github.com/sagaxyz/ssc/x/chainlet/keeper/msg_server_upgrade_chainlet.go:29.2,29.89 1 0
github.com/sagaxyz/ssc/x/chainlet/keeper/msg_server_upgrade_chainlet.go:29.89,31.3 1 0
github.com/sagaxyz/ssc/x/chainlet/keeper/msg_server_upgrade_chainlet.go:32.2,33.16 2 0
github.com/sagaxyz/ssc/x/chainlet/keeper/msg_server_upgrade_chainlet.go:33.16,35.3 1 0
github.com/sagaxyz/ssc/x/chainlet/keeper/msg_server_upgrade_chainlet.go:37.2,37.48 1 0
github.com/sagaxyz/ssc/x/chainlet/keeper/msg_server_upgrade_chainlet.go:37.48,39.3 1 0
github.com/sagaxyz/ssc/x/chainlet/keeper/msg_server_upgrade_chainlet.go:41.2,42.16 2 0
github.com/sagaxyz/ssc/x/chainlet/keeper/msg_server_upgrade_chainlet.go:42.16,44.3 1 0
github.com/sagaxyz/ssc/x/chainlet/keeper/msg_server_upgrade_chainlet.go:46.2,49.4 1 0
github.com/sagaxyz/ssc/x/chainlet/keeper/params.go:10.58,13.18 3 1
github.com/sagaxyz/ssc/x/chainlet/keeper/params.go:13.18,15.3 1 1
github.com/sagaxyz/ssc/x/chainlet/keeper/params.go:16.2,16.26 1 0
github.com/sagaxyz/ssc/x/chainlet/keeper/params.go:20.66,22.2 1 1
github.com/sagaxyz/ssc/x/chainlet/keeper/versions.go:11.54,18.42 5 1
github.com/sagaxyz/ssc/x/chainlet/keeper/versions.go:18.42,22.48 3 1
github.com/sagaxyz/ssc/x/chainlet/keeper/versions.go:22.48,24.4 1 1
github.com/sagaxyz/ssc/x/chainlet/keeper/versions.go:25.3,25.42 1 1
github.com/sagaxyz/ssc/x/chainlet/keeper/versions.go:25.42,26.24 1 1
github.com/sagaxyz/ssc/x/chainlet/keeper/versions.go:26.24,27.13 1 1
github.com/sagaxyz/ssc/x/chainlet/keeper/versions.go:29.4,30.18 2 1
github.com/sagaxyz/ssc/x/chainlet/keeper/versions.go:30.18,32.5 1 0
github.com/sagaxyz/ssc/x/chainlet/keeper/versions.go:36.2,36.12 1 1
github.com/sagaxyz/ssc/x/chainlet/keeper/versions.go:39.86,40.28 1 1
github.com/sagaxyz/ssc/x/chainlet/keeper/versions.go:40.28,42.17 2 1
github.com/sagaxyz/ssc/x/chainlet/keeper/versions.go:42.17,44.4 1 0
github.com/sagaxyz/ssc/x/chainlet/keeper/versions.go:47.2,47.39 1 1
github.com/sagaxyz/ssc/x/chainlet/keeper/versions.go:47.39,49.3 1 1
github.com/sagaxyz/ssc/x/chainlet/keeper/versions.go:50.2,51.16 2 1
github.com/sagaxyz/ssc/x/chainlet/keeper/versions.go:51.16,53.3 1 0
github.com/sagaxyz/ssc/x/chainlet/keeper/versions.go:55.2,55.12 1 1
github.com/sagaxyz/ssc/x/chainlet/keeper/versions.go:58.89,59.28 1 1
github.com/sagaxyz/ssc/x/chainlet/keeper/versions.go:59.28,61.3 1 0
github.com/sagaxyz/ssc/x/chainlet/keeper/versions.go:62.2,62.39 1 1
github.com/sagaxyz/ssc/x/chainlet/keeper/versions.go:62.39,64.3 1 0
github.com/sagaxyz/ssc/x/chainlet/keeper/versions.go:66.2,67.16 2 1
github.com/sagaxyz/ssc/x/chainlet/keeper/versions.go:67.16,69.3 1 0
github.com/sagaxyz/ssc/x/chainlet/keeper/versions.go:70.2,70.40 1 1
github.com/sagaxyz/ssc/x/chainlet/keeper/versions.go:70.40,72.3 1 1
github.com/sagaxyz/ssc/x/chainlet/keeper/versions.go:74.2,74.12 1 1
github.com/sagaxyz/ssc/x/chainlet/keeper/versions.go:77.117,78.28 1 1
github.com/sagaxyz/ssc/x/chainlet/keeper/versions.go:78.28,81.17 3 1
github.com/sagaxyz/ssc/x/chainlet/keeper/versions.go:81.17,83.4 1 0
github.com/sagaxyz/ssc/x/chainlet/keeper/versions.go:86.2,86.39 1 1
github.com/sagaxyz/ssc/x/chainlet/keeper/versions.go:86.39,89.3 2 1
github.com/sagaxyz/ssc/x/chainlet/keeper/versions.go:91.2,91.61 1 1
github.com/sagaxyz/ssc/x/chainlet/keeper/versions.go:95.50,97.14 2 1
github.com/sagaxyz/ssc/x/chainlet/keeper/versions.go:97.14,99.3 1 0
github.com/sagaxyz/ssc/x/chainlet/keeper/versions.go:101.2,101.19 1 1
github.com/sagaxyz/ssc/x/chainlet/keeper/versions.go:103.35,105.2 1 1
